2025-10-21 16:41:58.432 [info] Reading sessions from keychain...
2025-10-21 16:41:58.432 [info] Getting sessions for all scopes...
2025-10-21 16:41:58.432 [info] Got stored sessions!
2025-10-21 16:41:58.432 [info] Got 1 verified sessions.
2025-10-21 16:41:58.432 [info] Got 1 sessions for ...
2025-10-21 16:41:58.432 [info] Getting sessions for all scopes...
2025-10-21 16:41:58.432 [info] Got 1 sessions for ...
2025-10-21 16:41:58.432 [info] Getting sessions for all scopes...
2025-10-21 16:41:58.432 [info] Got 1 sessions for ...
2025-10-21 16:41:58.432 [info] Getting sessions for read:user,repo,user:email,workflow...
2025-10-21 16:41:58.432 [info] Got 1 sessions for read:user,repo,user:email,workflow...
2025-10-21 16:41:58.432 [info] Getting sessions for read:user,repo,user:email...
2025-10-21 16:41:58.432 [info] Got 0 sessions for read:user,repo,user:email...
2025-10-21 16:41:58.432 [info] Getting sessions for project,read:org,read:user,repo,user:email,workflow...
2025-10-21 16:41:58.432 [info] Got 0 sessions for project,read:org,read:user,repo,user:email,workflow...
2025-10-21 16:41:58.439 [info] Getting sessions for read:user,repo,user:email...
2025-10-21 16:41:58.439 [info] Got 0 sessions for read:user,repo,user:email...
2025-10-21 16:41:58.449 [info] Getting sessions for read:user,repo,user:email,workflow...
2025-10-21 16:41:58.449 [info] Got 1 sessions for read:user,repo,user:email,workflow...
2025-10-21 16:41:59.270 [info] Getting sessions for all scopes...
2025-10-21 16:41:59.270 [info] Got 1 sessions for ...
2025-10-21 16:41:59.272 [info] Getting sessions for all scopes...
2025-10-21 16:41:59.272 [info] Got 1 sessions for ...
2025-10-21 16:41:59.274 [info] Getting sessions for all scopes...
2025-10-21 16:41:59.274 [info] Got 1 sessions for ...
