2025-10-23 12:13:55.099 [info] Reading sessions from keychain...
2025-10-23 12:13:55.099 [info] Getting sessions for all scopes...
2025-10-23 12:13:55.099 [info] Got stored sessions!
2025-10-23 12:13:55.099 [info] Got 1 verified sessions.
2025-10-23 12:13:55.099 [info] Got 1 sessions for ...
2025-10-23 12:13:55.099 [info] Getting sessions for all scopes...
2025-10-23 12:13:55.099 [info] Got 1 sessions for ...
2025-10-23 12:13:55.099 [info] Getting sessions for all scopes...
2025-10-23 12:13:55.099 [info] Got 1 sessions for ...
2025-10-23 12:13:55.099 [info] Getting sessions for read:user,repo,user:email,workflow...
2025-10-23 12:13:55.099 [info] Got 1 sessions for read:user,repo,user:email,workflow...
2025-10-23 12:13:55.168 [info] Getting sessions for read:user,repo,user:email...
2025-10-23 12:13:55.168 [info] Got 0 sessions for read:user,repo,user:email...
2025-10-23 12:13:55.169 [info] Getting sessions for project,read:org,read:user,repo,user:email,workflow...
2025-10-23 12:13:55.169 [info] Got 0 sessions for project,read:org,read:user,repo,user:email,workflow...
2025-10-23 12:13:55.469 [info] Getting sessions for read:user,repo,user:email...
2025-10-23 12:13:55.469 [info] Got 0 sessions for read:user,repo,user:email...
2025-10-23 12:13:55.469 [info] Getting sessions for read:user,repo,user:email,workflow...
2025-10-23 12:13:55.469 [info] Got 1 sessions for read:user,repo,user:email,workflow...
2025-10-23 12:13:55.997 [info] Getting sessions for all scopes...
2025-10-23 12:13:55.997 [info] Got 1 sessions for ...
2025-10-23 12:13:55.999 [info] Getting sessions for all scopes...
2025-10-23 12:13:55.999 [info] Got 1 sessions for ...
2025-10-23 12:13:56.015 [info] Getting sessions for all scopes...
2025-10-23 12:13:56.015 [info] Got 1 sessions for ...
