2025-10-21 10:42:19.049 [info] Reading sessions from keychain...
2025-10-21 10:42:19.075 [info] Getting sessions for all scopes...
2025-10-21 10:42:19.119 [info] Got stored sessions!
2025-10-21 10:42:19.119 [info] Got 1 verified sessions.
2025-10-21 10:42:19.119 [info] Got 1 sessions for ...
2025-10-21 10:42:19.119 [info] Getting sessions for all scopes...
2025-10-21 10:42:19.119 [info] Got 1 sessions for ...
2025-10-21 10:42:19.120 [info] Getting sessions for all scopes...
2025-10-21 10:42:19.120 [info] Got 1 sessions for ...
2025-10-21 10:42:19.202 [info] Getting sessions for read:user,repo,user:email,workflow...
2025-10-21 10:42:19.202 [info] Got 1 sessions for read:user,repo,user:email,workflow...
2025-10-21 10:42:19.985 [info] Getting sessions for all scopes...
2025-10-21 10:42:19.985 [info] Got 1 sessions for ...
2025-10-21 10:42:19.985 [info] Getting sessions for all scopes...
2025-10-21 10:42:19.985 [info] Got 1 sessions for ...
2025-10-21 10:42:19.986 [info] Getting sessions for all scopes...
2025-10-21 10:42:19.986 [info] Got 1 sessions for ...
2025-10-21 10:42:20.246 [info] Getting sessions for read:user,repo,user:email...
2025-10-21 10:42:20.246 [info] Got 0 sessions for read:user,repo,user:email...
2025-10-21 10:42:20.246 [info] Getting sessions for project,read:org,read:user,repo,user:email,workflow...
2025-10-21 10:42:20.246 [info] Got 0 sessions for project,read:org,read:user,repo,user:email,workflow...
2025-10-21 10:42:20.336 [info] Getting sessions for read:user,repo,user:email,workflow...
2025-10-21 10:42:20.336 [info] Got 1 sessions for read:user,repo,user:email,workflow...
2025-10-21 10:42:20.596 [info] Getting sessions for read:user,repo,user:email...
2025-10-21 10:42:20.596 [info] Got 0 sessions for read:user,repo,user:email...
