2025-10-20 13:12:48.425 [info] Reading sessions from keychain...
2025-10-20 13:12:48.425 [info] Getting sessions for all scopes...
2025-10-20 13:12:48.624 [info] Got stored sessions!
2025-10-20 13:12:48.624 [info] Got 1 verified sessions.
2025-10-20 13:12:48.624 [info] Got 1 sessions for ...
2025-10-20 13:12:48.624 [info] Getting sessions for all scopes...
2025-10-20 13:12:48.627 [info] Got 1 sessions for ...
2025-10-20 13:12:48.627 [info] Getting sessions for all scopes...
2025-10-20 13:12:48.627 [info] Got 1 sessions for ...
2025-10-20 13:12:48.628 [info] Getting sessions for read:user,repo,user:email,workflow...
2025-10-20 13:12:48.628 [info] Got 1 sessions for read:user,repo,user:email,workflow...
2025-10-20 13:12:49.855 [info] Getting sessions for all scopes...
2025-10-20 13:12:49.855 [info] Got 1 sessions for ...
2025-10-20 13:12:49.856 [info] Getting sessions for all scopes...
2025-10-20 13:12:49.856 [info] Got 1 sessions for ...
2025-10-20 13:12:49.856 [info] Getting sessions for all scopes...
2025-10-20 13:12:49.856 [info] Got 1 sessions for ...
2025-10-20 13:12:49.877 [info] Getting sessions for read:user,repo,user:email...
2025-10-20 13:12:49.877 [info] Got 0 sessions for read:user,repo,user:email...
2025-10-20 13:12:49.877 [info] Getting sessions for project,read:org,read:user,repo,user:email,workflow...
2025-10-20 13:12:49.877 [info] Got 0 sessions for project,read:org,read:user,repo,user:email,workflow...
2025-10-20 13:12:49.974 [info] Getting sessions for read:user,repo,user:email,workflow...
2025-10-20 13:12:49.974 [info] Got 1 sessions for read:user,repo,user:email,workflow...
2025-10-20 13:12:50.048 [info] Getting sessions for read:user,repo,user:email...
2025-10-20 13:12:50.048 [info] Got 0 sessions for read:user,repo,user:email...
