2025-10-21 00:43:35.514 [info] Reading sessions from keychain...
2025-10-21 00:43:35.514 [info] Getting sessions for all scopes...
2025-10-21 00:43:35.779 [info] Got stored sessions!
2025-10-21 00:43:35.780 [info] Got 1 verified sessions.
2025-10-21 00:43:35.780 [info] Got 1 sessions for ...
2025-10-21 00:43:35.780 [info] Getting sessions for all scopes...
2025-10-21 00:43:35.780 [info] Got 1 sessions for ...
2025-10-21 00:43:35.780 [info] Getting sessions for all scopes...
2025-10-21 00:43:35.780 [info] Got 1 sessions for ...
2025-10-21 00:43:35.780 [info] Getting sessions for read:user,repo,user:email,workflow...
2025-10-21 00:43:35.781 [info] Got 1 sessions for read:user,repo,user:email,workflow...
2025-10-21 00:43:38.821 [info] Getting sessions for read:user,repo,user:email...
2025-10-21 00:43:38.821 [info] Got 0 sessions for read:user,repo,user:email...
2025-10-21 00:43:38.821 [info] Getting sessions for project,read:org,read:user,repo,user:email,workflow...
2025-10-21 00:43:38.821 [info] Got 0 sessions for project,read:org,read:user,repo,user:email,workflow...
2025-10-21 00:43:39.823 [info] Getting sessions for all scopes...
2025-10-21 00:43:39.824 [info] Got 1 sessions for ...
2025-10-21 00:43:39.824 [info] Getting sessions for all scopes...
2025-10-21 00:43:39.824 [info] Got 1 sessions for ...
2025-10-21 00:43:39.825 [info] Getting sessions for all scopes...
2025-10-21 00:43:39.825 [info] Got 1 sessions for ...
