2025-10-21 10:43:40.395 [info] [main] Log level: Info
2025-10-21 10:43:40.395 [info] [main] Validating found git in: "git"
2025-10-21 10:43:40.395 [info] [main] Using git "2.51.0" from "git"
2025-10-21 10:43:40.395 [info] [Model][doInitialScan] Initial repository scan started
2025-10-21 10:43:40.395 [info] > git rev-parse --show-toplevel [51ms]
2025-10-21 10:43:40.395 [info] > git rev-parse --git-dir --git-common-dir --show-superproject-working-tree [25ms]
2025-10-21 10:43:40.395 [info] [Model][openRepository] Opened repository (path): /home/chunote/Documents/codin/campSearch
2025-10-21 10:43:40.395 [info] [Model][openRepository] Opened repository (real path): /home/chunote/Documents/codin/campSearch
2025-10-21 10:43:40.395 [info] [Model][openRepository] Opened repository (kind): repository
2025-10-21 10:43:40.395 [info] > git rev-parse --show-toplevel [53ms]
2025-10-21 10:43:40.395 [info] > git config --get commit.template [59ms]
2025-10-21 10:43:40.398 [info] > git rev-parse --show-toplevel [32ms]
2025-10-21 10:43:40.974 [info] > git for-each-ref --format=%(refname)%00%(upstream:short)%00%(objectname)%00%(upstream:track)%00%(upstream:remotename)%00%(upstream:remoteref) refs/heads/main refs/remotes/main [582ms]
2025-10-21 10:43:41.308 [warning] [Git][revParse] Unable to read file: ENOENT: no such file or directory, open '/home/chunote/Documents/codin/campSearch/.git/refs/remotes/origin/main'
2025-10-21 10:43:41.345 [info] > git check-ignore -v -z --stdin [360ms]
2025-10-21 10:43:41.370 [info] > git rev-parse --show-toplevel [397ms]
2025-10-21 10:43:41.419 [info] > git rev-parse refs/remotes/origin/main [112ms]
2025-10-21 10:43:41.608 [info] > git status -z -uall [183ms]
2025-10-21 10:43:41.608 [info] > git for-each-ref --sort -committerdate --format %(refname)%00%(objectname)%00%(*objectname) [177ms]
2025-10-21 10:43:41.629 [info] > git rev-parse --show-toplevel [213ms]
2025-10-21 10:43:41.629 [info] [Model][doInitialScan] Initial repository scan completed - repositories (1), closed repositories (0), parent repositories (0), unsafe repositories (0)
2025-10-21 10:43:41.658 [info] > git for-each-ref --format=%(refname)%00%(upstream:short)%00%(objectname)%00%(upstream:track)%00%(upstream:remotename)%00%(upstream:remoteref) refs/heads/main refs/remotes/main [32ms]
2025-10-21 10:43:41.680 [info] > git config --get --local branch.main.vscode-merge-base [16ms]
2025-10-21 10:43:41.692 [info] > git config --get commit.template [35ms]
2025-10-21 10:43:41.784 [info] > git for-each-ref --format=%(refname)%00%(upstream:short)%00%(objectname)%00%(upstream:track)%00%(upstream:remotename)%00%(upstream:remoteref) refs/heads/origin/main refs/remotes/origin/main [94ms]
2025-10-21 10:43:41.883 [info] > git show --textconv :weather.py [78ms]
2025-10-21 10:43:41.884 [info] > git ls-files --stage -- weather.py [68ms]
2025-10-21 10:43:41.891 [info] > git merge-base refs/heads/main refs/remotes/origin/main [98ms]
2025-10-21 10:43:41.898 [info] > git for-each-ref --format=%(refname)%00%(upstream:short)%00%(objectname)%00%(upstream:track)%00%(upstream:remotename)%00%(upstream:remoteref) refs/heads/main refs/remotes/main [149ms]
2025-10-21 10:43:41.915 [warning] [Git][revParse] Unable to read file: ENOENT: no such file or directory, open '/home/chunote/Documents/codin/campSearch/.git/refs/remotes/origin/main'
2025-10-21 10:43:41.918 [info] > git diff --name-status -z --diff-filter=ADMR 3a9304beebd3cfc921181dbb7d1a0e94051750ef...refs/remotes/origin/main [20ms]
2025-10-21 10:43:41.919 [info] > git cat-file -s f78ab9875525b7c39f6a8f59e1115d0420f8734d [29ms]
2025-10-21 10:43:41.924 [info] > git rev-parse refs/remotes/origin/main [9ms]
2025-10-21 10:43:41.948 [info] > git status -z -uall [16ms]
2025-10-21 10:43:41.957 [info] > git for-each-ref --sort -committerdate --format %(refname)%00%(objectname)%00%(*objectname) [19ms]
2025-10-21 10:43:42.058 [info] > git blame --root --incremental 3a9304beebd3cfc921181dbb7d1a0e94051750ef -- weather.py [3ms]
2025-10-21 10:43:42.612 [info] > git config --get --local branch.main.github-pr-owner-number [78ms]
2025-10-21 10:43:42.612 [warning] [Git][config] git config failed: Failed to execute git
