2025-10-20 13:12:48.235 [info] [main] Log level: Info
2025-10-20 13:12:48.235 [info] [main] Validating found git in: "git"
2025-10-20 13:12:48.235 [info] [main] Using git "2.51.0" from "git"
2025-10-20 13:12:48.235 [info] [Model][doInitialScan] Initial repository scan started
2025-10-20 13:12:48.235 [info] > git rev-parse --show-toplevel [6ms]
2025-10-20 13:12:48.235 [info] > git rev-parse --git-dir --git-common-dir --show-superproject-working-tree [5ms]
2025-10-20 13:12:48.235 [info] [Model][openRepository] Opened repository (path): /home/chunote/Documents/codin/campSearch
2025-10-20 13:12:48.235 [info] [Model][openRepository] Opened repository (real path): /home/chunote/Documents/codin/campSearch
2025-10-20 13:12:48.235 [info] [Model][openRepository] Opened repository (kind): repository
2025-10-20 13:12:48.235 [info] > git rev-parse --show-toplevel [18ms]
2025-10-20 13:12:48.235 [info] > git config --get commit.template [22ms]
2025-10-20 13:12:48.235 [info] > git rev-parse --show-toplevel [8ms]
2025-10-20 13:12:48.235 [info] > git for-each-ref --format=%(refname)%00%(upstream:short)%00%(objectname)%00%(upstream:track)%00%(upstream:remotename)%00%(upstream:remoteref) refs/heads/main refs/remotes/main [7ms]
2025-10-20 13:12:48.235 [warning] [Git][revParse] Unable to read file: ENOENT: no such file or directory, open '/home/chunote/Documents/codin/campSearch/.git/refs/remotes/origin/main'
2025-10-20 13:12:48.235 [info] > git rev-parse --show-toplevel [7ms]
2025-10-20 13:12:48.235 [info] > git rev-parse refs/remotes/origin/main [7ms]
2025-10-20 13:12:48.235 [info] > git status -z -uall [7ms]
2025-10-20 13:12:48.235 [info] > git rev-parse --show-toplevel [16ms]
2025-10-20 13:12:48.235 [info] [Model][doInitialScan] Initial repository scan completed - repositories (1), closed repositories (0), parent repositories (0), unsafe repositories (0)
2025-10-20 13:12:48.235 [info] > git for-each-ref --sort -committerdate --format %(refname)%00%(objectname)%00%(*objectname) [4ms]
2025-10-20 13:12:48.235 [info] > git for-each-ref --format=%(refname)%00%(upstream:short)%00%(objectname)%00%(upstream:track)%00%(upstream:remotename)%00%(upstream:remoteref) refs/heads/main refs/remotes/main [10ms]
2025-10-20 13:12:48.235 [info] > git config --get --local branch.main.vscode-merge-base [6ms]
2025-10-20 13:12:48.235 [info] > git config --get commit.template [17ms]
2025-10-20 13:12:48.235 [info] > git for-each-ref --format=%(refname)%00%(upstream:short)%00%(objectname)%00%(upstream:track)%00%(upstream:remotename)%00%(upstream:remoteref) refs/heads/origin/main refs/remotes/origin/main [12ms]
2025-10-20 13:12:48.235 [info] > git for-each-ref --format=%(refname)%00%(upstream:short)%00%(objectname)%00%(upstream:track)%00%(upstream:remotename)%00%(upstream:remoteref) refs/heads/main refs/remotes/main [10ms]
2025-10-20 13:12:48.235 [warning] [Git][revParse] Unable to read file: ENOENT: no such file or directory, open '/home/chunote/Documents/codin/campSearch/.git/refs/remotes/origin/main'
2025-10-20 13:12:48.235 [info] > git merge-base refs/heads/main refs/remotes/origin/main [9ms]
2025-10-20 13:12:48.235 [info] > git rev-parse refs/remotes/origin/main [7ms]
2025-10-20 13:12:48.236 [info] > git status -z -uall [12ms]
2025-10-20 13:12:48.236 [info] > git diff --name-status -z --diff-filter=ADMR 3a9304beebd3cfc921181dbb7d1a0e94051750ef...refs/remotes/origin/main [18ms]
2025-10-20 13:12:48.239 [info] > git for-each-ref --sort -committerdate --format %(refname)%00%(objectname)%00%(*objectname) [5ms]
2025-10-20 13:12:50.592 [info] > git config --get --local branch.main.github-pr-owner-number [65ms]
2025-10-20 13:12:50.592 [warning] [Git][config] git config failed: Failed to execute git
