2025-10-21 10:43:41.922 [info] Reading sessions from keychain...
2025-10-21 10:43:41.922 [info] Getting sessions for all scopes...
2025-10-21 10:43:41.922 [info] Got stored sessions!
2025-10-21 10:43:41.922 [info] Got 1 verified sessions.
2025-10-21 10:43:41.922 [info] Got 1 sessions for ...
2025-10-21 10:43:41.922 [info] Getting sessions for all scopes...
2025-10-21 10:43:41.922 [info] Got 1 sessions for ...
2025-10-21 10:43:41.922 [info] Getting sessions for all scopes...
2025-10-21 10:43:41.922 [info] Got 1 sessions for ...
2025-10-21 10:43:41.922 [info] Getting sessions for read:user,repo,user:email...
2025-10-21 10:43:41.922 [info] Got 0 sessions for read:user,repo,user:email...
2025-10-21 10:43:41.922 [info] Getting sessions for project,read:org,read:user,repo,user:email,workflow...
2025-10-21 10:43:41.922 [info] Got 0 sessions for project,read:org,read:user,repo,user:email,workflow...
2025-10-21 10:43:41.922 [info] Getting sessions for all scopes...
2025-10-21 10:43:41.922 [info] Got 1 sessions for ...
2025-10-21 10:43:41.922 [info] Getting sessions for all scopes...
2025-10-21 10:43:41.922 [info] Got 1 sessions for ...
2025-10-21 10:43:41.922 [info] Getting sessions for all scopes...
2025-10-21 10:43:41.922 [info] Got 1 sessions for ...
2025-10-21 10:43:42.002 [info] Getting sessions for read:user,repo,user:email,workflow...
2025-10-21 10:43:42.002 [info] Got 1 sessions for read:user,repo,user:email,workflow...
2025-10-21 10:43:42.019 [info] Getting sessions for read:user,repo,user:email,workflow...
2025-10-21 10:43:42.019 [info] Got 1 sessions for read:user,repo,user:email,workflow...
2025-10-21 10:43:42.019 [info] Getting sessions for read:user,repo,user:email...
2025-10-21 10:43:42.019 [info] Got 0 sessions for read:user,repo,user:email...
