2025-10-21 00:43:34.965 [info] [main] Log level: Info
2025-10-21 00:43:34.965 [info] [main] Validating found git in: "git"
2025-10-21 00:43:34.965 [info] [main] Using git "2.51.0" from "git"
2025-10-21 00:43:34.965 [info] [Model][doInitialScan] Initial repository scan started
2025-10-21 00:43:34.965 [info] > git rev-parse --show-toplevel [111ms]
2025-10-21 00:43:34.965 [info] > git rev-parse --git-dir --git-common-dir --show-superproject-working-tree [266ms]
2025-10-21 00:43:34.965 [info] [Model][openRepository] Opened repository (path): /home/chunote/Documents/codin/campSearch
2025-10-21 00:43:34.965 [info] [Model][openRepository] Opened repository (real path): /home/chunote/Documents/codin/campSearch
2025-10-21 00:43:34.965 [info] [Model][openRepository] Opened repository (kind): repository
2025-10-21 00:43:34.984 [info] > git rev-parse --show-toplevel [3ms]
2025-10-21 00:43:34.986 [info] > git config --get commit.template [11ms]
2025-10-21 00:43:35.001 [info] > git for-each-ref --format=%(refname)%00%(upstream:short)%00%(objectname)%00%(upstream:track)%00%(upstream:remotename)%00%(upstream:remoteref) refs/heads/main refs/remotes/main [2ms]
2025-10-21 00:43:35.002 [info] > git rev-parse --show-toplevel [9ms]
2025-10-21 00:43:35.009 [warning] [Git][revParse] Unable to read file: ENOENT: no such file or directory, open '/home/chunote/Documents/codin/campSearch/.git/refs/remotes/origin/main'
2025-10-21 00:43:35.016 [info] > git rev-parse refs/remotes/origin/main [7ms]
2025-10-21 00:43:35.034 [info] > git status -z -uall [11ms]
2025-10-21 00:43:35.034 [info] > git for-each-ref --sort -committerdate --format %(refname)%00%(objectname)%00%(*objectname) [3ms]
2025-10-21 00:43:35.073 [info] > git rev-parse --show-toplevel [57ms]
2025-10-21 00:43:35.086 [info] > git for-each-ref --format=%(refname)%00%(upstream:short)%00%(objectname)%00%(upstream:track)%00%(upstream:remotename)%00%(upstream:remoteref) refs/heads/main refs/remotes/main [19ms]
2025-10-21 00:43:35.107 [info] > git config --get --local branch.main.vscode-merge-base [7ms]
2025-10-21 00:43:35.116 [info] > git rev-parse --show-toplevel [32ms]
2025-10-21 00:43:35.117 [info] [Model][doInitialScan] Initial repository scan completed - repositories (1), closed repositories (0), parent repositories (0), unsafe repositories (0)
2025-10-21 00:43:35.121 [info] > git config --get commit.template [40ms]
2025-10-21 00:43:35.130 [info] > git for-each-ref --format=%(refname)%00%(upstream:short)%00%(objectname)%00%(upstream:track)%00%(upstream:remotename)%00%(upstream:remoteref) refs/heads/main refs/remotes/main [1ms]
2025-10-21 00:43:35.131 [info] > git for-each-ref --format=%(refname)%00%(upstream:short)%00%(objectname)%00%(upstream:track)%00%(upstream:remotename)%00%(upstream:remoteref) refs/heads/origin/main refs/remotes/origin/main [14ms]
2025-10-21 00:43:35.149 [warning] [Git][revParse] Unable to read file: ENOENT: no such file or directory, open '/home/chunote/Documents/codin/campSearch/.git/refs/remotes/origin/main'
2025-10-21 00:43:35.152 [info] > git merge-base refs/heads/main refs/remotes/origin/main [10ms]
2025-10-21 00:43:35.166 [info] > git rev-parse refs/remotes/origin/main [17ms]
2025-10-21 00:43:35.187 [info] > git status -z -uall [10ms]
2025-10-21 00:43:35.188 [info] > git diff --name-status -z --diff-filter=ADMR 3a9304beebd3cfc921181dbb7d1a0e94051750ef...refs/remotes/origin/main [24ms]
2025-10-21 00:43:35.190 [info] > git for-each-ref --sort -committerdate --format %(refname)%00%(objectname)%00%(*objectname) [7ms]
2025-10-21 00:43:35.818 [info] > git check-ignore -v -z --stdin [8ms]
2025-10-21 00:43:39.793 [info] > git show --textconv :weather.py [175ms]
2025-10-21 00:43:39.796 [info] > git ls-files --stage -- weather.py [162ms]
2025-10-21 00:43:39.861 [info] > git cat-file -s f78ab9875525b7c39f6a8f59e1115d0420f8734d [52ms]
