2025-10-20 16:06:44.069 [info] Reading sessions from keychain...
2025-10-20 16:06:44.069 [info] Getting sessions for all scopes...
2025-10-20 16:06:44.069 [info] Got stored sessions!
2025-10-20 16:06:44.069 [info] Got 1 verified sessions.
2025-10-20 16:06:44.069 [info] Got 1 sessions for ...
2025-10-20 16:06:44.070 [info] Getting sessions for all scopes...
2025-10-20 16:06:44.070 [info] Got 1 sessions for ...
2025-10-20 16:06:44.070 [info] Getting sessions for all scopes...
2025-10-20 16:06:44.070 [info] Got 1 sessions for ...
2025-10-20 16:06:44.070 [info] Getting sessions for all scopes...
2025-10-20 16:06:44.070 [info] Got 1 sessions for ...
2025-10-20 16:06:44.070 [info] Getting sessions for all scopes...
2025-10-20 16:06:44.070 [info] Got 1 sessions for ...
2025-10-20 16:06:44.070 [info] Getting sessions for read:user,repo,user:email,workflow...
2025-10-20 16:06:44.070 [info] Got 1 sessions for read:user,repo,user:email,workflow...
2025-10-20 16:06:44.070 [info] Getting sessions for read:user,repo,user:email...
2025-10-20 16:06:44.070 [info] Got 0 sessions for read:user,repo,user:email...
2025-10-20 16:06:44.070 [info] Getting sessions for project,read:org,read:user,repo,user:email,workflow...
2025-10-20 16:06:44.070 [info] Got 0 sessions for project,read:org,read:user,repo,user:email,workflow...
2025-10-20 16:06:44.115 [info] Getting sessions for read:user,repo,user:email,workflow...
2025-10-20 16:06:44.115 [info] Got 1 sessions for read:user,repo,user:email,workflow...
2025-10-20 16:06:44.146 [info] Getting sessions for read:user,repo,user:email...
2025-10-20 16:06:44.146 [info] Got 0 sessions for read:user,repo,user:email...
