2025-10-21 16:41:56.572 [info] [main] Log level: Info
2025-10-21 16:41:56.572 [info] [main] Validating found git in: "git"
2025-10-21 16:41:56.572 [info] [main] Using git "2.51.0" from "git"
2025-10-21 16:41:56.572 [info] [Model][doInitialScan] Initial repository scan started
2025-10-21 16:41:56.572 [info] > git rev-parse --show-toplevel [54ms]
2025-10-21 16:41:56.572 [info] > git rev-parse --git-dir --git-common-dir --show-superproject-working-tree [41ms]
2025-10-21 16:41:56.572 [info] [Model][openRepository] Opened repository (path): /home/chunote/Documents/codin/campSearch
2025-10-21 16:41:56.572 [info] [Model][openRepository] Opened repository (real path): /home/chunote/Documents/codin/campSearch
2025-10-21 16:41:56.572 [info] [Model][openRepository] Opened repository (kind): repository
2025-10-21 16:41:56.572 [info] > git rev-parse --show-toplevel [34ms]
2025-10-21 16:41:56.572 [info] > git config --get commit.template [40ms]
2025-10-21 16:41:56.623 [info] > git rev-parse --show-toplevel [16ms]
2025-10-21 16:41:56.638 [info] > git for-each-ref --format=%(refname)%00%(upstream:short)%00%(objectname)%00%(upstream:track)%00%(upstream:remotename)%00%(upstream:remoteref) refs/heads/main refs/remotes/main [20ms]
2025-10-21 16:41:56.649 [warning] [Git][revParse] Unable to read file: ENOENT: no such file or directory, open '/home/chunote/Documents/codin/campSearch/.git/refs/remotes/origin/main'
2025-10-21 16:41:56.649 [info] > git rev-parse --show-toplevel [12ms]
2025-10-21 16:41:56.728 [info] > git rev-parse refs/remotes/origin/main [80ms]
2025-10-21 16:41:56.771 [info] > git status -z -uall [36ms]
2025-10-21 16:41:56.773 [info] > git for-each-ref --sort -committerdate --format %(refname)%00%(objectname)%00%(*objectname) [28ms]
2025-10-21 16:41:56.819 [info] > git rev-parse --show-toplevel [92ms]
2025-10-21 16:41:56.820 [info] [Model][doInitialScan] Initial repository scan completed - repositories (1), closed repositories (0), parent repositories (0), unsafe repositories (0)
2025-10-21 16:41:56.851 [info] > git for-each-ref --format=%(refname)%00%(upstream:short)%00%(objectname)%00%(upstream:track)%00%(upstream:remotename)%00%(upstream:remoteref) refs/heads/main refs/remotes/main [33ms]
2025-10-21 16:41:56.862 [info] > git config --get commit.template [23ms]
2025-10-21 16:41:56.865 [info] > git config --get --local branch.main.vscode-merge-base [5ms]
2025-10-21 16:41:56.897 [info] > git for-each-ref --format=%(refname)%00%(upstream:short)%00%(objectname)%00%(upstream:track)%00%(upstream:remotename)%00%(upstream:remoteref) refs/heads/origin/main refs/remotes/origin/main [22ms]
2025-10-21 16:41:56.908 [info] > git for-each-ref --format=%(refname)%00%(upstream:short)%00%(objectname)%00%(upstream:track)%00%(upstream:remotename)%00%(upstream:remoteref) refs/heads/main refs/remotes/main [28ms]
2025-10-21 16:41:56.918 [warning] [Git][revParse] Unable to read file: ENOENT: no such file or directory, open '/home/chunote/Documents/codin/campSearch/.git/refs/remotes/origin/main'
2025-10-21 16:41:56.924 [info] > git merge-base refs/heads/main refs/remotes/origin/main [18ms]
2025-10-21 16:41:56.937 [info] > git rev-parse refs/remotes/origin/main [19ms]
2025-10-21 16:41:56.957 [info] > git status -z -uall [11ms]
2025-10-21 16:41:56.961 [info] > git diff --name-status -z --diff-filter=ADMR 3a9304beebd3cfc921181dbb7d1a0e94051750ef...refs/remotes/origin/main [27ms]
2025-10-21 16:41:56.963 [info] > git for-each-ref --sort -committerdate --format %(refname)%00%(objectname)%00%(*objectname) [8ms]
2025-10-21 16:41:57.783 [info] > git check-ignore -v -z --stdin [227ms]
2025-10-21 16:41:58.363 [info] > git show --textconv :weather.py [34ms]
2025-10-21 16:41:58.364 [info] > git ls-files --stage -- weather.py [28ms]
2025-10-21 16:41:58.389 [info] > git cat-file -s f78ab9875525b7c39f6a8f59e1115d0420f8734d [19ms]
2025-10-21 16:41:58.518 [info] > git blame --root --incremental 3a9304beebd3cfc921181dbb7d1a0e94051750ef -- weather.py [59ms]
2025-10-21 16:41:59.247 [info] > git config --get --local branch.main.github-pr-owner-number [91ms]
2025-10-21 16:41:59.248 [warning] [Git][config] git config failed: Failed to execute git
